// Jest Snapshot v1, https://goo.gl/fbAQLP

exports[`model :: Player and Match re-requesting a player retrieves it from the db 1`] = `
Object {
  "result": Object {
    "data": Object {
      "player": Object {
        "id": "account.a36bed11ed214557b0ddef9ef1a56d07",
        "matches": Array [
          Object {
            "id": "cae0f6d6-5328-43c8-9912-ff4d73390113",
          },
          Object {
            "id": "855ca76d-42ca-4860-ad46-692e2ae89f38",
          },
          Object {
            "id": "4d75956b-9110-420c-bd92-17d1eb359b39",
          },
          Object {
            "id": "07aceaa8-8c20-49ca-b523-6a8bd4e13524",
          },
          Object {
            "id": "201648ad-8d5a-4794-ae14-f7f4fb473ddf",
          },
          Object {
            "id": "05bab6df-0ab8-4358-87c9-409ee8f927ec",
          },
          Object {
            "id": "66b6866a-2fb7-4474-924e-3ee8c976e889",
          },
          Object {
            "id": "e4c477a8-640c-4912-8925-e0342bb5e8d1",
          },
          Object {
            "id": "db84024a-0078-4a2e-a40f-a9996d1dab64",
          },
          Object {
            "id": "7996fc51-bc51-4d72-92f5-0bb0d404484e",
          },
          Object {
            "id": "328effd5-5eb1-46b2-af3c-be32ffdbe369",
          },
        ],
        "name": "BreaK",
      },
    },
  },
  "statusCode": 200,
}
`;

exports[`model :: Player and Match requesting a player on a differnt shard updates the db 1`] = `
Object {
  "result": Object {
    "data": Object {
      "player": Object {
        "id": "account.a36bed11ed214557b0ddef9ef1a56d07",
        "matches": Array [
          Object {
            "id": "cae0f6d6-5328-43c8-9912-ff4d73390113",
          },
          Object {
            "id": "855ca76d-42ca-4860-ad46-692e2ae89f38",
          },
          Object {
            "id": "4d75956b-9110-420c-bd92-17d1eb359b39",
          },
          Object {
            "id": "07aceaa8-8c20-49ca-b523-6a8bd4e13524",
          },
          Object {
            "id": "201648ad-8d5a-4794-ae14-f7f4fb473ddf",
          },
          Object {
            "id": "05bab6df-0ab8-4358-87c9-409ee8f927ec",
          },
          Object {
            "id": "66b6866a-2fb7-4474-924e-3ee8c976e889",
          },
          Object {
            "id": "e4c477a8-640c-4912-8925-e0342bb5e8d1",
          },
          Object {
            "id": "db84024a-0078-4a2e-a40f-a9996d1dab64",
          },
          Object {
            "id": "7996fc51-bc51-4d72-92f5-0bb0d404484e",
          },
          Object {
            "id": "328effd5-5eb1-46b2-af3c-be32ffdbe369",
          },
          Object {
            "id": "40e2bf41-ea94-4e4b-8038-50eac5fc34e1",
          },
          Object {
            "id": "7afc6c33-b4b1-4b0d-a4f9-3e20345358ab",
          },
          Object {
            "id": "7d18a380-7705-4294-833b-b3f7dce9179c",
          },
          Object {
            "id": "07fa73c2-09b2-4ee3-be2e-4fe3645088c8",
          },
          Object {
            "id": "dff6610a-8b59-4efd-8483-2cb7b2029b77",
          },
          Object {
            "id": "20440de6-6094-4e84-8e68-3d2d41716e6f",
          },
          Object {
            "id": "b20421df-9f06-48fe-800c-56490fc1da59",
          },
          Object {
            "id": "2d1d5af7-4017-4aa0-9939-4ed8c95bb91c",
          },
          Object {
            "id": "8a707b55-0b45-4bcd-ad6d-1bd43cb9ecdf",
          },
          Object {
            "id": "8ddaf6ed-3dfe-468b-b090-105e32aafad6",
          },
          Object {
            "id": "31f087dc-3cad-4d64-817c-00ba963eb209",
          },
          Object {
            "id": "fbf37ed2-1e3b-42ae-a2bb-f81456a8720e",
          },
          Object {
            "id": "a343b061-259d-430a-a794-c71d58d1c973",
          },
          Object {
            "id": "c609e339-3fe7-46f4-8441-d62931253b88",
          },
          Object {
            "id": "0fa926ed-dc0e-4114-9c2f-301f94afbb7f",
          },
          Object {
            "id": "fd2d8a98-bf68-4c11-918e-8e26a6e0a221",
          },
          Object {
            "id": "60b726f2-bece-432f-804b-e33839e8167b",
          },
          Object {
            "id": "600caff9-84a4-4784-b04a-3e97ee65f88b",
          },
          Object {
            "id": "54261163-ce02-40fd-9b21-a5fd1959601b",
          },
          Object {
            "id": "825b319c-9105-4f0a-b907-46313a5e69c7",
          },
          Object {
            "id": "8f7b6964-7401-41ea-bc02-9cc6b41c206c",
          },
          Object {
            "id": "8508e7d2-3d1d-486a-affb-94939fc3ee05",
          },
          Object {
            "id": "555e9b30-2edc-4486-9d82-16b21c3363cb",
          },
          Object {
            "id": "b0829545-4b3c-47f6-b796-3c74e01a9454",
          },
          Object {
            "id": "ace59d20-0eba-4f01-b354-4cd18fa0d13a",
          },
          Object {
            "id": "b54ff714-91c7-461c-a8d4-054e938507db",
          },
          Object {
            "id": "affdb980-f28a-43b2-80b7-a34a1e1dd08d",
          },
          Object {
            "id": "15af2b19-0fea-4285-bb25-3869abb4a1c2",
          },
          Object {
            "id": "e44a6cc0-bdc5-488d-a031-36b2f20eb7ed",
          },
          Object {
            "id": "6991a4fc-a280-4773-a773-0291e767fc4b",
          },
          Object {
            "id": "003eb66c-c1d2-441f-a2fb-a205daa939f9",
          },
          Object {
            "id": "25397194-080a-4046-bd66-3e809d014cf8",
          },
          Object {
            "id": "80c11cd0-4fcf-424d-a6de-d0c23957ff2e",
          },
          Object {
            "id": "97464bdd-26b9-460c-b9ef-48bd3c1a8bbc",
          },
          Object {
            "id": "2c8e4bc6-b1f6-4c2f-988d-3286d2adb44d",
          },
          Object {
            "id": "e34d6397-656e-4dd0-af22-f07815ce704d",
          },
          Object {
            "id": "8be19b6a-2fbe-4c68-b639-24a6299c4760",
          },
          Object {
            "id": "690fbc37-52f4-48c2-85eb-4a6cea7f81f2",
          },
          Object {
            "id": "9a2f6369-7f22-47a8-8d22-4e3ba522a607",
          },
          Object {
            "id": "3c6c8a79-e775-4da0-b300-14be5204ad79",
          },
          Object {
            "id": "fb2a82b9-71cc-40e7-9d4f-eb97a3e49988",
          },
          Object {
            "id": "68437562-af0f-4c1a-9066-3d984b83ba65",
          },
          Object {
            "id": "f3468355-9bf2-49bd-8244-956e69ae9e7b",
          },
          Object {
            "id": "fa4783a6-935c-4853-8d57-12f53fcc3368",
          },
          Object {
            "id": "d35e0102-0d53-4155-a332-5d4311960fed",
          },
          Object {
            "id": "f26f5632-4b06-4d8b-ad1e-f6cda1558e35",
          },
          Object {
            "id": "a31facec-9951-4d56-b96f-8bbed94fb4a1",
          },
          Object {
            "id": "c7071dfc-8150-458f-bc28-5fb70dd58fd7",
          },
          Object {
            "id": "0efc30ac-b389-41b0-8fa7-07c97dcd6314",
          },
          Object {
            "id": "d99eb324-fdf8-4276-ab53-33b933809acb",
          },
          Object {
            "id": "adeb0546-b195-417d-a1b0-f385161bad03",
          },
          Object {
            "id": "5a1621ea-54f2-490b-bc8c-794021b3d446",
          },
          Object {
            "id": "5f69a52b-48c7-40c3-9c1e-224554ad1346",
          },
          Object {
            "id": "9a206c90-d327-4391-b4c9-8ae12093a012",
          },
          Object {
            "id": "5c1698cf-a661-4847-9b5f-e4163398ae12",
          },
          Object {
            "id": "e0459252-e8f1-4187-86fc-1d569f380d9b",
          },
          Object {
            "id": "b26132bb-45ef-49a2-82fb-4756a2beb2c0",
          },
        ],
        "name": "BreaK",
      },
    },
  },
  "statusCode": 200,
}
`;

exports[`model :: Player and Match retrieves match data from the PUBG api 1`] = `
Object {
  "result": Object {
    "data": Object {
      "match": Object {
        "durationSeconds": 1886,
        "gameMode": "duo-fpp",
        "id": "cae0f6d6-5328-43c8-9912-ff4d73390113",
        "mapName": "Desert_Main",
        "playedAt": "Wed May 16 2018 22:57:26 GMT-0500 (CDT)",
        "players": Array [
          Object {
            "id": "account.062f546b74c448138a4161fa42eac221",
            "name": "Selloutpenis",
            "rosterId": "01d61e82-d35c-4a22-a4e6-f6440d6872d0",
            "stats": Object {
              "DBNOs": 0,
              "kills": 0,
            },
          },
          Object {
            "id": "account.074d80fd7ec045d99865e45438591859",
            "name": "SaltyMelons",
            "rosterId": "bba10f2c-6303-4f88-9dd9-723e027f9f37",
            "stats": Object {
              "DBNOs": 0,
              "kills": 0,
            },
          },
          Object {
            "id": "account.07ecb47b1c77400dbf43206e74df479f",
            "name": "Darkarctoe",
            "rosterId": "c220c4dd-bb5d-4e50-966c-fc87ba14c786",
            "stats": Object {
              "DBNOs": 0,
              "kills": 0,
            },
          },
          Object {
            "id": "account.08d941730d1b4cedbb44fe5906747a2d",
            "name": "ItsUrPingM8",
            "rosterId": "cb5e13b6-3999-465a-858d-4f6eb2f85ed6",
            "stats": Object {
              "DBNOs": 0,
              "kills": 0,
            },
          },
          Object {
            "id": "account.090d9b8438ba4b0696ea3b3a8ad151f0",
            "name": "Shizzank",
            "rosterId": "0a6f081f-aae9-4ba2-b794-c141b63b8a63",
            "stats": Object {
              "DBNOs": 0,
              "kills": 0,
            },
          },
          Object {
            "id": "account.0a3324e03e2545acbc3cbace13e83854",
            "name": "xphantomxxxx",
            "rosterId": "4898505f-542e-4826-bbab-727fcc8cf62a",
            "stats": Object {
              "DBNOs": 2,
              "kills": 2,
            },
          },
          Object {
            "id": "account.0c535d08e84e453a86144b985ea8820d",
            "name": "Pigdeon",
            "rosterId": "f9cdda35-a1e2-4fb8-b548-89ca64f5a63f",
            "stats": Object {
              "DBNOs": 0,
              "kills": 0,
            },
          },
          Object {
            "id": "account.0c6261df94414e9198ada7841c310735",
            "name": "RAmseySnow",
            "rosterId": "3cb8471d-7384-47f8-8139-90dba44327d6",
            "stats": Object {
              "DBNOs": 0,
              "kills": 0,
            },
          },
          Object {
            "id": "account.0c70d099c7874075a2bb993027329e14",
            "name": "MeanBeane",
            "rosterId": "c2c6c0ad-8783-4c9a-ae3a-1d6ec4323693",
            "stats": Object {
              "DBNOs": 0,
              "kills": 0,
            },
          },
          Object {
            "id": "account.13e60dd8733b40eb94042126b6f3f185",
            "name": "BigginXI",
            "rosterId": "edc483db-ad2e-4806-9255-2323d927273f",
            "stats": Object {
              "DBNOs": 0,
              "kills": 1,
            },
          },
          Object {
            "id": "account.154073e57d9648b79df859d5a4ed37bd",
            "name": "Jubjubaflub",
            "rosterId": "edc483db-ad2e-4806-9255-2323d927273f",
            "stats": Object {
              "DBNOs": 1,
              "kills": 2,
            },
          },
          Object {
            "id": "account.19c2e9db862b45cabc913075cca3af42",
            "name": "Chamat",
            "rosterId": "6c3ff86b-c695-4b53-a76b-1372955465f3",
            "stats": Object {
              "DBNOs": 0,
              "kills": 0,
            },
          },
          Object {
            "id": "account.1a318e2b386142d597ba1d4d9cd2bb64",
            "name": "FunkiMunki",
            "rosterId": "f31b1d0d-50f8-4e72-aa8e-54f70be762c8",
            "stats": Object {
              "DBNOs": 0,
              "kills": 2,
            },
          },
          Object {
            "id": "account.1c196b092c2b452d89cec3bafb404c48",
            "name": "NinjaKurtle",
            "rosterId": "ab46d519-73ba-47b7-b529-7f33ff19580e",
            "stats": Object {
              "DBNOs": 0,
              "kills": 1,
            },
          },
          Object {
            "id": "account.1f4bfb22e3944e02a658ced71454a675",
            "name": "j2daford",
            "rosterId": "c04b17e9-44be-47b6-8a26-8d88f405d534",
            "stats": Object {
              "DBNOs": 0,
              "kills": 0,
            },
          },
          Object {
            "id": "account.1f6764b894d24440b0d727ec52c77761",
            "name": "Nebbers",
            "rosterId": "9f0a505f-3ca5-40c2-abfa-f51dbb6e973a",
            "stats": Object {
              "DBNOs": 1,
              "kills": 0,
            },
          },
          Object {
            "id": "account.202d3eb9fc9c42a09c692c15bfb52022",
            "name": "Budjaberg",
            "rosterId": "9f0a505f-3ca5-40c2-abfa-f51dbb6e973a",
            "stats": Object {
              "DBNOs": 0,
              "kills": 0,
            },
          },
          Object {
            "id": "account.2036e70dd79740a7a3921f9729adf0bc",
            "name": "danomite11",
            "rosterId": "ea4fc8df-5dec-4239-9130-175a3391c197",
            "stats": Object {
              "DBNOs": 0,
              "kills": 0,
            },
          },
          Object {
            "id": "account.221e64b8f51144eba823372a39fca56d",
            "name": "TonsilTickler517",
            "rosterId": "7ab604b5-8120-4ebf-97a5-572d28b67291",
            "stats": Object {
              "DBNOs": 0,
              "kills": 0,
            },
          },
          Object {
            "id": "account.24316ef223ff4c8fa979fb818a4d6069",
            "name": "Rovdolf",
            "rosterId": "79711d49-3baa-4c42-8cb2-1059b5f76f92",
            "stats": Object {
              "DBNOs": 1,
              "kills": 1,
            },
          },
          Object {
            "id": "account.2557e59a954448329d683c70fb8c224e",
            "name": "White-Bishop",
            "rosterId": "2cf0937b-55f3-4ffb-a254-1eb8bef18fca",
            "stats": Object {
              "DBNOs": 0,
              "kills": 0,
            },
          },
          Object {
            "id": "account.2a342b16eaed4e4cb63f3b6cbd419427",
            "name": "AEIS123",
            "rosterId": "2cf0937b-55f3-4ffb-a254-1eb8bef18fca",
            "stats": Object {
              "DBNOs": 0,
              "kills": 0,
            },
          },
          Object {
            "id": "account.2a8e1a7655984fb297c1c94cb24f3e27",
            "name": "Omega_Deity",
            "rosterId": "385b4c65-02a9-45c8-b68e-ef6c5a27a228",
            "stats": Object {
              "DBNOs": 1,
              "kills": 2,
            },
          },
          Object {
            "id": "account.2ac8928510d24c029c2778348a0aaaf0",
            "name": "Egoy",
            "rosterId": "ea4fc8df-5dec-4239-9130-175a3391c197",
            "stats": Object {
              "DBNOs": 0,
              "kills": 0,
            },
          },
          Object {
            "id": "account.32bad13575a84877b04495586c341022",
            "name": "Mans_Not_Moist",
            "rosterId": "f11c9747-3f26-4f8f-bdf4-2e6f05561e3d",
            "stats": Object {
              "DBNOs": 0,
              "kills": 0,
            },
          },
          Object {
            "id": "account.32f047a506674d899214709bab4975dd",
            "name": "ZeMeSee",
            "rosterId": "8b75287b-46b1-4eba-9dbf-5ff8aa0fe9a9",
            "stats": Object {
              "DBNOs": 0,
              "kills": 0,
            },
          },
          Object {
            "id": "account.335172d445ac433d80403efdfb2227b3",
            "name": "LeeroyJenkins_",
            "rosterId": "e4806140-c60e-47bc-a351-75aefe2cf37d",
            "stats": Object {
              "DBNOs": 2,
              "kills": 5,
            },
          },
          Object {
            "id": "account.34b1b76f811b48968881bb2f3c3dc1fd",
            "name": "NooseMan",
            "rosterId": "346bf0a4-138b-4030-bd54-c9bbde9d5801",
            "stats": Object {
              "DBNOs": 0,
              "kills": 0,
            },
          },
          Object {
            "id": "account.37afa94b07e2409282372e5126ee9411",
            "name": "kingtrey95",
            "rosterId": "db96f5f3-7609-4838-b736-924d39026db5",
            "stats": Object {
              "DBNOs": 3,
              "kills": 5,
            },
          },
          Object {
            "id": "account.4177db8b688047628bc1a4aa8a14fc8a",
            "name": "MaeRhea",
            "rosterId": "33e48a10-5f84-4507-b2ab-1429d8987776",
            "stats": Object {
              "DBNOs": 1,
              "kills": 1,
            },
          },
          Object {
            "id": "account.4229ef4f9f8e44df99ae1ce11268cd24",
            "name": "WeissPower",
            "rosterId": "e07cb671-cf8e-46e9-b240-ebdf1a82fa5f",
            "stats": Object {
              "DBNOs": 0,
              "kills": 0,
            },
          },
          Object {
            "id": "account.42be5b95a3e04b71bf70164c9c4d8ce4",
            "name": "Jiwon_Moon",
            "rosterId": "725e3b32-3c24-4d5f-a785-94a38ab438a0",
            "stats": Object {
              "DBNOs": 1,
              "kills": 1,
            },
          },
          Object {
            "id": "account.43b1068649e14645aa1de9534886394b",
            "name": "DeadHead72",
            "rosterId": "b82f3226-1815-4231-9a8b-439bb585a710",
            "stats": Object {
              "DBNOs": 0,
              "kills": 0,
            },
          },
          Object {
            "id": "account.4d2f2957341e490ab1f51b620f6e0e81",
            "name": "AiriRiku",
            "rosterId": "c220c4dd-bb5d-4e50-966c-fc87ba14c786",
            "stats": Object {
              "DBNOs": 1,
              "kills": 0,
            },
          },
          Object {
            "id": "account.4d554e2ce1414e22923e9b9a1754d393",
            "name": "aaliaa1",
            "rosterId": "3cb8471d-7384-47f8-8139-90dba44327d6",
            "stats": Object {
              "DBNOs": 0,
              "kills": 0,
            },
          },
          Object {
            "id": "account.4dadec28acef42378de34007e1e4469f",
            "name": "D3rBomber",
            "rosterId": "4898505f-542e-4826-bbab-727fcc8cf62a",
            "stats": Object {
              "DBNOs": 1,
              "kills": 2,
            },
          },
          Object {
            "id": "account.4f6b108117b749eab152b3fcbf66d015",
            "name": "Shenaniganz",
            "rosterId": "0a6f081f-aae9-4ba2-b794-c141b63b8a63",
            "stats": Object {
              "DBNOs": 0,
              "kills": 0,
            },
          },
          Object {
            "id": "account.4fb273ca2ba6449bbe19d27ce0e8ae52",
            "name": "NigolLogan",
            "rosterId": "5e04c22a-95eb-4359-82ba-59161a1e9460",
            "stats": Object {
              "DBNOs": 0,
              "kills": 0,
            },
          },
          Object {
            "id": "account.504c8ea495744871a969247e8a13e3f4",
            "name": "atomichugbot",
            "rosterId": "c62277c3-e0c5-4a1d-8eb2-fe9ee59b013d",
            "stats": Object {
              "DBNOs": 2,
              "kills": 3,
            },
          },
          Object {
            "id": "account.52e91d8edbd54527a03be22b39e213c5",
            "name": "Spicy_Meme_Lord",
            "rosterId": "cb5e13b6-3999-465a-858d-4f6eb2f85ed6",
            "stats": Object {
              "DBNOs": 0,
              "kills": 0,
            },
          },
          Object {
            "id": "account.5394bf36d0564abd9fe606bc6172d860",
            "name": "Parmularii",
            "rosterId": "006a6a9c-52cb-4e28-b4dc-7dda40a22890",
            "stats": Object {
              "DBNOs": 0,
              "kills": 0,
            },
          },
          Object {
            "id": "account.553d441c4b3047818f6c04d0cf8a58ce",
            "name": "Khandakar",
            "rosterId": "f11c9747-3f26-4f8f-bdf4-2e6f05561e3d",
            "stats": Object {
              "DBNOs": 0,
              "kills": 0,
            },
          },
          Object {
            "id": "account.5db2eea215be42208c801d1219cbea54",
            "name": "Mes3705",
            "rosterId": "fbcf0caf-4608-4ae2-80e1-4e1e03ddfc34",
            "stats": Object {
              "DBNOs": 1,
              "kills": 3,
            },
          },
          Object {
            "id": "account.62e27dc7c0c0424b8130cf23cfec3802",
            "name": "Molar2018",
            "rosterId": "1fa54981-4b29-4fee-8b49-37e29b25646c",
            "stats": Object {
              "DBNOs": 0,
              "kills": 0,
            },
          },
          Object {
            "id": "account.63da3ffafeec4bc8997f0ffab3d6dc11",
            "name": "VxryRare",
            "rosterId": "006a6a9c-52cb-4e28-b4dc-7dda40a22890",
            "stats": Object {
              "DBNOs": 0,
              "kills": 0,
            },
          },
          Object {
            "id": "account.718c60b0d0d24e16b47909a05a4f6373",
            "name": "Urdaddylesbain",
            "rosterId": "7ab604b5-8120-4ebf-97a5-572d28b67291",
            "stats": Object {
              "DBNOs": 0,
              "kills": 0,
            },
          },
          Object {
            "id": "account.7217f674fb31406b88096fe5a27e834d",
            "name": "xMak_",
            "rosterId": "a0d72d2c-628e-496a-a893-7ed49a2656e1",
            "stats": Object {
              "DBNOs": 0,
              "kills": 0,
            },
          },
          Object {
            "id": "account.727cdca6b2b34d73b3434cc29988fa09",
            "name": "IClubBabySeals-",
            "rosterId": "dbc6a8a4-d472-48d1-a5e5-e971f8927ad3",
            "stats": Object {
              "DBNOs": 0,
              "kills": 0,
            },
          },
          Object {
            "id": "account.74249bff343e48fdb56995cb03714b9e",
            "name": "Tiberius1776",
            "rosterId": "ad9b6571-3401-42be-8841-db95207cd64b",
            "stats": Object {
              "DBNOs": 3,
              "kills": 4,
            },
          },
          Object {
            "id": "account.75f9d191d3484b67a37110e40aedd193",
            "name": "Tsurabu",
            "rosterId": "8b75287b-46b1-4eba-9dbf-5ff8aa0fe9a9",
            "stats": Object {
              "DBNOs": 0,
              "kills": 0,
            },
          },
          Object {
            "id": "account.77de67754b04472cb2b475282a362675",
            "name": "Shank_You88",
            "rosterId": "e07cb671-cf8e-46e9-b240-ebdf1a82fa5f",
            "stats": Object {
              "DBNOs": 0,
              "kills": 0,
            },
          },
          Object {
            "id": "account.7803ed0f99984449976329e3020efa4a",
            "name": "RurouniNall",
            "rosterId": "e4806140-c60e-47bc-a351-75aefe2cf37d",
            "stats": Object {
              "DBNOs": 0,
              "kills": 0,
            },
          },
          Object {
            "id": "account.7b118fc6c37948afa0424c1e893cd31c",
            "name": "rutan07",
            "rosterId": "c2c6c0ad-8783-4c9a-ae3a-1d6ec4323693",
            "stats": Object {
              "DBNOs": 0,
              "kills": 0,
            },
          },
          Object {
            "id": "account.7ce0d3a55fa042af8bf4a999087706b6",
            "name": "Broky",
            "rosterId": "d2a9f9e6-6dba-4c7d-bd12-760ce5e2ce6a",
            "stats": Object {
              "DBNOs": 0,
              "kills": 0,
            },
          },
          Object {
            "id": "account.7f3613db94d54280a6486bda53372963",
            "name": "kamikrazie",
            "rosterId": "b82f3226-1815-4231-9a8b-439bb585a710",
            "stats": Object {
              "DBNOs": 0,
              "kills": 0,
            },
          },
          Object {
            "id": "account.7f67fb54e3e34bbc8bbe72ad0f393356",
            "name": "HugesandN",
            "rosterId": "346bf0a4-138b-4030-bd54-c9bbde9d5801",
            "stats": Object {
              "DBNOs": 1,
              "kills": 1,
            },
          },
          Object {
            "id": "account.8938e31349b946599459d354fb3584fe",
            "name": "BaconLover3000",
            "rosterId": "79711d49-3baa-4c42-8cb2-1059b5f76f92",
            "stats": Object {
              "DBNOs": 3,
              "kills": 5,
            },
          },
          Object {
            "id": "account.940d20afe85743cd806bd99bc0aa5395",
            "name": "BirdFeeder",
            "rosterId": "3fbd05b1-326d-41aa-8690-0c9c06959d76",
            "stats": Object {
              "DBNOs": 0,
              "kills": 0,
            },
          },
          Object {
            "id": "account.95f589d2b274412bb0122750ea8debc0",
            "name": "DrDisRespect",
            "rosterId": "27c35696-dcb6-4bf2-9613-ed37e9d50227",
            "stats": Object {
              "DBNOs": 6,
              "kills": 7,
            },
          },
          Object {
            "id": "account.9604d9d1a3e047f2ba888c4d33ce87c7",
            "name": "Rigalin",
            "rosterId": "ea7c0ffe-b451-4b98-8c13-c15231f780b7",
            "stats": Object {
              "DBNOs": 1,
              "kills": 2,
            },
          },
          Object {
            "id": "account.97db16e40238428a87d67d1ddbb705d6",
            "name": "BrainDeadHead",
            "rosterId": "c41db915-db8e-4486-9a76-f127d70fae2c",
            "stats": Object {
              "DBNOs": 0,
              "kills": 0,
            },
          },
          Object {
            "id": "account.9984e25f72ac4be09f89e6340d410df2",
            "name": "kwandjy",
            "rosterId": "a0d72d2c-628e-496a-a893-7ed49a2656e1",
            "stats": Object {
              "DBNOs": 1,
              "kills": 0,
            },
          },
          Object {
            "id": "account.9c8ea59abcac479f9dba8ce886d12a08",
            "name": "kroms",
            "rosterId": "c62277c3-e0c5-4a1d-8eb2-fe9ee59b013d",
            "stats": Object {
              "DBNOs": 0,
              "kills": 0,
            },
          },
          Object {
            "id": "account.a36bed11ed214557b0ddef9ef1a56d07",
            "name": "BreaK",
            "rosterId": "27c35696-dcb6-4bf2-9613-ed37e9d50227",
            "stats": Object {
              "DBNOs": 1,
              "kills": 4,
            },
          },
          Object {
            "id": "account.a4771792c05b493e861a45dfafad65d1",
            "name": "Poopnuggets101",
            "rosterId": "6c3ff86b-c695-4b53-a76b-1372955465f3",
            "stats": Object {
              "DBNOs": 1,
              "kills": 0,
            },
          },
          Object {
            "id": "account.a8b1ce607c6b4eaf8b90edae2fd27713",
            "name": "Harry-Sax",
            "rosterId": "debbbc8d-3158-4c07-be1b-8ee97875242c",
            "stats": Object {
              "DBNOs": 0,
              "kills": 0,
            },
          },
          Object {
            "id": "account.aacb2bd939784b139c42b3bb663e8559",
            "name": "TheArchAngel696",
            "rosterId": "c2ff1631-00a1-49d1-95f9-2482c2884e45",
            "stats": Object {
              "DBNOs": 2,
              "kills": 2,
            },
          },
          Object {
            "id": "account.ab9e35f0474b45fc8bdb2a7730e6c855",
            "name": "Dorkus-s_126",
            "rosterId": "3fbd05b1-326d-41aa-8690-0c9c06959d76",
            "stats": Object {
              "DBNOs": 1,
              "kills": 3,
            },
          },
          Object {
            "id": "account.acf7b781148946e68e54ba95514e20c0",
            "name": "LikeActually",
            "rosterId": "725e3b32-3c24-4d5f-a785-94a38ab438a0",
            "stats": Object {
              "DBNOs": 1,
              "kills": 2,
            },
          },
          Object {
            "id": "account.af4085241fc24c4da31d260c23adcc8f",
            "name": "0HM5",
            "rosterId": "ad9b6571-3401-42be-8841-db95207cd64b",
            "stats": Object {
              "DBNOs": 1,
              "kills": 2,
            },
          },
          Object {
            "id": "account.c1bca568a9ca4d818857ae6d5e9dc557",
            "name": "Liov_",
            "rosterId": "ea7c0ffe-b451-4b98-8c13-c15231f780b7",
            "stats": Object {
              "DBNOs": 0,
              "kills": 0,
            },
          },
          Object {
            "id": "account.c3fc2d54f1844b2d92bb12c70de0af1a",
            "name": "XTheDemonX",
            "rosterId": "a28c8802-e360-4046-911d-20690570b6b6",
            "stats": Object {
              "DBNOs": 2,
              "kills": 1,
            },
          },
          Object {
            "id": "account.c55ce4cdd6b846ea8b4eff59ea906334",
            "name": "TuF1errote",
            "rosterId": "97c7c481-32ee-4e5c-acd3-9e39c9a05540",
            "stats": Object {
              "DBNOs": 0,
              "kills": 0,
            },
          },
          Object {
            "id": "account.ccedfc0c61234aef91356a164684a280",
            "name": "Choole22",
            "rosterId": "fbcf0caf-4608-4ae2-80e1-4e1e03ddfc34",
            "stats": Object {
              "DBNOs": 4,
              "kills": 6,
            },
          },
          Object {
            "id": "account.cd1c21b5fe13461f81129fc7f1a505b2",
            "name": "Sacramenttt",
            "rosterId": "97c7c481-32ee-4e5c-acd3-9e39c9a05540",
            "stats": Object {
              "DBNOs": 1,
              "kills": 2,
            },
          },
          Object {
            "id": "account.cd988e818b574200866b8df3f0b0092c",
            "name": "Heartless_Gamer",
            "rosterId": "a28c8802-e360-4046-911d-20690570b6b6",
            "stats": Object {
              "DBNOs": 0,
              "kills": 1,
            },
          },
          Object {
            "id": "account.cdb2343c88604b629484c8853ec9d858",
            "name": "Sickofit",
            "rosterId": "debbbc8d-3158-4c07-be1b-8ee97875242c",
            "stats": Object {
              "DBNOs": 1,
              "kills": 2,
            },
          },
          Object {
            "id": "account.d00fe7f1ba394e8094af54e7fa84b360",
            "name": "LoliHentaiGuy",
            "rosterId": "01d61e82-d35c-4a22-a4e6-f6440d6872d0",
            "stats": Object {
              "DBNOs": 0,
              "kills": 0,
            },
          },
          Object {
            "id": "account.d25cda071b2b4468840c97c54ff0d38f",
            "name": "HydroBro",
            "rosterId": "dbc6a8a4-d472-48d1-a5e5-e971f8927ad3",
            "stats": Object {
              "DBNOs": 0,
              "kills": 0,
            },
          },
          Object {
            "id": "account.d3f697ec630d4d82a899de6d2a2b330d",
            "name": "Daddy_Mc_Muffins",
            "rosterId": "1fa54981-4b29-4fee-8b49-37e29b25646c",
            "stats": Object {
              "DBNOs": 0,
              "kills": 0,
            },
          },
          Object {
            "id": "account.d494655b16794515a0433410180ae47a",
            "name": "lLethall",
            "rosterId": "9405999e-a6f3-408e-85a7-be12c2605f9d",
            "stats": Object {
              "DBNOs": 0,
              "kills": 0,
            },
          },
          Object {
            "id": "account.d9cf154cfc554089af588346f6c3595a",
            "name": "iSkiLlYoU",
            "rosterId": "c04b17e9-44be-47b6-8a26-8d88f405d534",
            "stats": Object {
              "DBNOs": 0,
              "kills": 0,
            },
          },
          Object {
            "id": "account.db3d273bcfab4e65a0759982a5b9fb64",
            "name": "KneeGrowSeaman",
            "rosterId": "d2a9f9e6-6dba-4c7d-bd12-760ce5e2ce6a",
            "stats": Object {
              "DBNOs": 0,
              "kills": 0,
            },
          },
          Object {
            "id": "account.dde6be016d8a4589823895eb863591a8",
            "name": "HobbitKing21",
            "rosterId": "db96f5f3-7609-4838-b736-924d39026db5",
            "stats": Object {
              "DBNOs": 1,
              "kills": 3,
            },
          },
          Object {
            "id": "account.df027e28445142f7ba12895a2e413483",
            "name": "giantredviking",
            "rosterId": "f31b1d0d-50f8-4e72-aa8e-54f70be762c8",
            "stats": Object {
              "DBNOs": 0,
              "kills": 0,
            },
          },
          Object {
            "id": "account.e10385518b8d45ecaf12a7ce90752ed9",
            "name": "Chubmeister",
            "rosterId": "f9cdda35-a1e2-4fb8-b548-89ca64f5a63f",
            "stats": Object {
              "DBNOs": 0,
              "kills": 0,
            },
          },
          Object {
            "id": "account.ead0f966a1b4469ca37abfed049181cc",
            "name": "Kittoa",
            "rosterId": "33e48a10-5f84-4507-b2ab-1429d8987776",
            "stats": Object {
              "DBNOs": 0,
              "kills": 0,
            },
          },
          Object {
            "id": "account.eb7bcbb0c2894b5bbe4f646bb6a3c7b6",
            "name": "SumTingLee",
            "rosterId": "1d0afc3e-dc34-423a-b0c9-26225e5cca10",
            "stats": Object {
              "DBNOs": 0,
              "kills": 0,
            },
          },
          Object {
            "id": "account.f164f7d76c4948c7ba56fba4dfcf3780",
            "name": "Collector696",
            "rosterId": "c2ff1631-00a1-49d1-95f9-2482c2884e45",
            "stats": Object {
              "DBNOs": 2,
              "kills": 3,
            },
          },
          Object {
            "id": "account.f809bfdc14c24337aebea56cc98f0756",
            "name": "uioptreewater44",
            "rosterId": "bba10f2c-6303-4f88-9dd9-723e027f9f37",
            "stats": Object {
              "DBNOs": 0,
              "kills": 0,
            },
          },
          Object {
            "id": "account.f941675eaaec4f0484fd99b613dff219",
            "name": "Coal_",
            "rosterId": "c41db915-db8e-4486-9a76-f127d70fae2c",
            "stats": Object {
              "DBNOs": 0,
              "kills": 0,
            },
          },
          Object {
            "id": "account.faa215ee2280414b82e3f566eb972343",
            "name": "rdin86",
            "rosterId": "1d0afc3e-dc34-423a-b0c9-26225e5cca10",
            "stats": Object {
              "DBNOs": 0,
              "kills": 0,
            },
          },
          Object {
            "id": "account.fb1b4ea81f0045c49785735b78db8ebc",
            "name": "BetterThanYouBTW",
            "rosterId": "385b4c65-02a9-45c8-b68e-ef6c5a27a228",
            "stats": Object {
              "DBNOs": 1,
              "kills": 3,
            },
          },
          Object {
            "id": "account.fc00ae082f0d4a1ba48795a0c167ad89",
            "name": "KingMoule",
            "rosterId": "9405999e-a6f3-408e-85a7-be12c2605f9d",
            "stats": Object {
              "DBNOs": 0,
              "kills": 0,
            },
          },
          Object {
            "id": "account.fc1e85212e004649bca11cd5b7b57858",
            "name": "Tennese",
            "rosterId": "ab46d519-73ba-47b7-b529-7f33ff19580e",
            "stats": Object {
              "DBNOs": 2,
              "kills": 2,
            },
          },
          Object {
            "id": "account.ffddf391c24448f1a6e8cbc9c650141b",
            "name": "Kriischaan",
            "rosterId": "5e04c22a-95eb-4359-82ba-59161a1e9460",
            "stats": Object {
              "DBNOs": 1,
              "kills": 0,
            },
          },
        ],
        "telemetryUrl": "https://telemetry-cdn.playbattlegrounds.com/bluehole-pubg/pc-na/2018/05/16/23/30/117b6bc2-5961-11e8-8f74-0a58647f9b0c-telemetry.json",
      },
    },
  },
  "statusCode": 200,
}
`;

exports[`model :: Player and Match retrieves new players from the PUBG api 1`] = `
Object {
  "result": Object {
    "data": Object {
      "player": Object {
        "id": "account.a36bed11ed214557b0ddef9ef1a56d07",
        "matches": Array [
          Object {
            "id": "cae0f6d6-5328-43c8-9912-ff4d73390113",
          },
          Object {
            "id": "855ca76d-42ca-4860-ad46-692e2ae89f38",
          },
          Object {
            "id": "4d75956b-9110-420c-bd92-17d1eb359b39",
          },
          Object {
            "id": "07aceaa8-8c20-49ca-b523-6a8bd4e13524",
          },
          Object {
            "id": "201648ad-8d5a-4794-ae14-f7f4fb473ddf",
          },
          Object {
            "id": "05bab6df-0ab8-4358-87c9-409ee8f927ec",
          },
          Object {
            "id": "66b6866a-2fb7-4474-924e-3ee8c976e889",
          },
          Object {
            "id": "e4c477a8-640c-4912-8925-e0342bb5e8d1",
          },
          Object {
            "id": "db84024a-0078-4a2e-a40f-a9996d1dab64",
          },
          Object {
            "id": "7996fc51-bc51-4d72-92f5-0bb0d404484e",
          },
          Object {
            "id": "328effd5-5eb1-46b2-af3c-be32ffdbe369",
          },
        ],
        "name": "BreaK",
      },
    },
  },
  "statusCode": 200,
}
`;
